[weepink.me/index.html]
[backblue.gif]
[fade.gif]
[index.html]
[weepink.me/cdn/shop/files/b348e3d0e98aa526ce7c043521141f82115-removebg-preview_300x_2x_960f33c4-28ac-4462-a82f-140e47e16571_96x96aaf7.png]
[weepink.me/cdn/shop/t/5/assets/theme5e4c.css]
[weepink.me/cdn/fonts/poppins/poppins_n6.aa29d4918bc243723d56b59572e18228ed0786f69923.woff2]
[weepink.me/cdn/fonts/poppins/poppins_i6.bb8044d6203f492888d626dafda3c2999253e8e945a8.woff2]
[weepink.me/cdn/fonts/poppins/poppins_n4.0ba78fa5af9b0e1a374041b3ceaadf0a43b41362e5c7.woff2]
[weepink.me/cdn/fonts/poppins/poppins_n7.56758dcf284489feb014a026f3727f2f20a546265435.woff2]
[weepink.me/cdn/fonts/poppins/poppins_i4.846ad1e22474f856bd6b81ba4585a60799a9f5d22fa0.woff2]
[weepink.me/cdn/fonts/poppins/poppins_i7.42fd71da11e9d101e1e6c7932199f925f9eea42d7890.woff2]
[weepink.me/cdn/shop/t/5/assets/font-theme-star9e7e.woff2]
[weepink.me/cdn/shop/t/5/assets/font-theme-star83fc.eot]
[weepink.me/cdn/shop/t/5/assets/font-theme-star6a04.eot]
[weepink.me/cdn/fonts/poppins/poppins_n6.5f815d845fe073750885d5b7e619ee00e811120831a3.woff]
[weepink.me/cdn/fonts/poppins/poppins_n4.214741a72ff2596839fc9760ee7a770386cf16caa99b.woff]
[weepink.me/cdn/fonts/poppins/poppins_i6.e233dec1a61b1e7dead9f920159eda42280a02c353e5.woff]
[weepink.me/cdn/fonts/poppins/poppins_n7.f34f55d9b3d3205d2cd6f64955ff4b36f0cfd8dafbd0.woff]
[weepink.me/cdn/fonts/poppins/poppins_i4.56b43284e8b52fc64c1fd271f289a39e8477e9ec7bc7.woff]
[weepink.me/cdn/fonts/poppins/poppins_i7.ec8499dbd7616004e21155106d13837fff4cf5563e7e.woff]
[weepink.me/checkouts/internal/preloads4c33.js]
[weepink.me/cdn/shopifycloud/storefront/assets/storefront/load_feature-81c60534.js]
[weepink.me/cdn/shopifycloud/portable-wallets/latest/portable-wallets.pt-br.js]
[weepink.me/cdn/shopifycloud/portable-wallets/latest/accelerated-checkout-backwards-compat.css]
[weepink.me/cdn/shop/t/5/assets/theme.min1665.js]
[weepink.me/cdn/shop/t/5/assets/custom2218.js]
[weepink.me/POST]
[weepink.me/cdn]
[weepink.me/cdn/s/trekkie.storefront.65b96dff0e3deac201f4bbc09d95fca662aba080.min.js]
[weepink.me/cdn/shopifycloud/storefront/assets/shop_events_listener-8675b082.js]
[weepink.me/cdn/shopifycloud/perf-kit/shopify-perf-kit-2.0.8.min.js]
[weepink.me/collections/frontpage.html]
[weepink.me/collections/makes.html]
[weepink.me/collections/skincare.html]
[weepink.me/collections/body-splash.html]
[weepink.me/collections/bem-estar.html]
[weepink.me/collections/kits.html]
[weepink.me/collections/perfumaria.html]
[weepink.me/collections/hair.html]
[weepink.me/collections/body-cream.html]
[weepink.me/cdn/shop/files/b348e3d0e98aa526ce7c043521141f82115-removebg-preview_b306e0b3-a93e-4d3b-9ef9-4ccf28b36599_300x@2xfb6b.png]
[weepink.me/pages/Rastreio-2025.html]
[weepink.me/cart.html]
[weepink.me/cdn/shop/files/FINALIII_800x7581.jpg]
[weepink.me/cdn/shop/files/1_1200x468d.gif]
[weepink.me/cdn/shop/files/2_1200x468d.jpg]
[weepink.me/cdn/shop/files/2_800x6f50.jpg]
[weepink.me/cdn/shop/files/3_046abef9-458c-44a8-bea7-c9bb33d9562f_1200x73b9.jpg]
[weepink.me/cdn/shop/files/Imagem_do_WhatsApp_de_2025-09-07_a_s_17.09.21_be6a4cab_800xc7cd.jpg]
[weepink.me/cdn/shop/files/4_1200x468d.jpg]
[weepink.me/cdn/shop/files/3_800x953f.jpg]
[weepink.me/collections/perfumaria/products/kit-perfume-obsessed-body-splash-obsessed-creme-corporal-obsessed.html]
[weepink.me/cdn/shopifycloud/storefront/assets/no-image-2048-a2addb12_600x.gif]
[weepink.me/collections/perfumaria/products/celebrate-relics-desodorante-colonia-100ml-wepink.html]
[weepink.me/collections/perfumaria/products/infinity-desodorante-colonia-75ml-wepink.html]
[weepink.me/collections/perfumaria/products/one-touch-desodorante-colonia-100ml-wepink.html]
[weepink.me/collections/perfumaria/products/king-blue-desodorante-colonia-100ml-wepink.html]
[weepink.me/cdn/shop/files/161336-1200-auto_800x3111.png]
[weepink.me/cdn/shop/files/161009-1200-auto_800x8714.png]
[weepink.me/cdn/shop/files/161332-1200-auto_800x8714.png]
[weepink.me/cdn/shop/files/160952-1200-auto_800x8714.jpg]
[weepink.me/cdn/shop/files/161248-1200-auto_800x8714.png]
[weepink.me/cdn/shop/files/161327-1200-auto_800x8714.png]
[weepink.me/cdn/shop/files/161336-1200-auto_1024x3111.png]
[weepink.me/cdn/shop/files/161009-1200-auto_1024x8714.png]
[weepink.me/cdn/shop/files/161332-1200-auto_1024x8714.png]
[weepink.me/cdn/shop/files/160952-1200-auto_1024x8714.jpg]
[weepink.me/cdn/shop/files/161248-1200-auto_1024x8714.png]
[weepink.me/cdn/shop/files/161327-1200-auto_1024x8714.png]
[weepink.me/products/kit-5-body-splash-crave-wonbloom-vf-onyx-obsessed-heaven-wepink.html]
[weepink.me/collections/body-splash/products/kit-5-body-splash-crave-wonbloom-vf-onyx-obsessed-heaven-wepink.html]
[weepink.me/collections/body-splash/products/kit-5-bodysplash-obsessed-exclusif-golden-life-bride-weepink.html]
[weepink.me/collections/body-splash/products/body-splash-vf-golden-desodorante-colonia-200ml-wepink.html]
[weepink.me/collections/body-splash/products/body-splash-liberte-exclusif-desodorante-colonia-200ml-wepink.html]
[weepink.me/collections/body-splash/products/body-splash-vf-choices-desodorante-colonia-200ml-wepink.html]
[weepink.me/cdn/shop/files/Captura_de_tela_2025-09-08_154023_800x495e.png]
[weepink.me/cdn/shop/files/Captura_de_tela_2025-09-08_154023_1200x495e.png]
[weepink.me/cdn/shop/files/Captura_de_tela_2025-09-08_152735_0261594f-c227-4828-8fbf-9afb65f806df_800x9c72.png]
[weepink.me/cdn/shop/files/Captura_de_tela_2025-09-08_154100_800xa8ed.png]
[weepink.me/cdn/shop/files/Captura_de_tela_2025-09-08_154517_800xd5b3.png]
[weepink.me/policies/privacy-policy.html]
[weepink.me/cart/clear177b.js]
[weepink.me/GET]
[weepink.me/cart/indexd176.html]
[weepink.me/url]
[weepink.me/window.location.href]
[weepink.me/index.html]
[weepink.me/cdn/shop/t/5/assets/theme5e4c.css]
[weepink.me/cdn/shopifycloud/portable-wallets/latest/accelerated-checkout-backwards-compat.css]
[weepink.me/POST.html]
[weepink.me/cdn.html]
[weepink.me/collections/frontpage.atom]
[weepink.me/collections/frontpage.oembed]
[weepink.me/collections/POST]
[weepink.me/collections/all.html]
[weepink.me/pages/contact.html]
[weepink.me/collections/frontpage/products/kit-5-body-splash-crave-wonbloom-vf-onyx-obsessed-heaven-wepink.html]
[weepink.me/collections/frontpage/products/kit-shampoo-condicionador-proteina-booster-wepink.html]
[weepink.me/collections/frontpage/products/body-splash-vf-golden-desodorante-colonia-200ml-wepink.html]
[weepink.me/collections/frontpage/products/body-splash-liberte-exclusif-desodorante-colonia-200ml-wepink.html]
[weepink.me/collections/frontpage/products/vf-onyx-desodorante-colonia-75ml-wepink.html]
[weepink.me/collections/frontpage/products/vf-golden-desodorante-colonia-75ml-wepink.html]
[weepink.me/collections/frontpage/products/vf-bloom-desodorante-colonia-75ml-wepink.html]
[weepink.me/collections/frontpage/products/serum-noturno-25ml-wepink.html]
[weepink.me/collections/frontpage/products/obsessed-desodorante-colonia-100ml-wepink.html]
[weepink.me/collections/frontpage/products/liberte-exclusif-desodorante-colonia-100ml-wepink.html]
[weepink.me/collections/frontpage/products/liberte-desodorante-colonia-100ml-wepink.html]
[weepink.me/collections/frontpage/products/leave-in-capilar-multifuncional-120ml-wepink.html]
[weepink.me/collections/frontpage/products/kit-body-splash-obsessed-exclusif-golden-life-bride-wepink.html]
[weepink.me/collections/frontpage/products/hair-tonic-tonico-capilar-120ml-wepink.html]
[weepink.me/collections/frontpage/products/hair-mist-red-desodorante-capilar-50ml-wepink.html]
[weepink.me/collections/frontpage/products/hair-mist-obsessed-desodorante-capilar-50ml-wepink.html]
[weepink.me/collections/frontpage/products/cleansing-wipes-lenco-umedecido-demaquilante-25-un-wepink.html]
[weepink.me/collections/frontpage/products/celebrate-life-desodorante-colonia-100ml-wepink.html]
[weepink.me/collections/frontpage/products/booster-repair-oleo-capilar-30ml-wepink.html]
[weepink.me/collections/frontpage/products/body-splash-vf-bloom-desodorante-colonia-200ml-wepink.html]
[weepink.me/collections/frontpage/products/body-splash-perfect-pear-desodorante-colonia-200ml-wepink.html]
[weepink.me/collections/frontpage/products/body-splash-obsessed-desodorante-colonia-200ml-wepink.html]
[weepink.me/collections/frontpage/products/body-splash-infinity-xis-desodorante-colonia-200ml-wepink.html]
[weepink.me/collections/frontpage/products/body-splash-infinity-desodorante-colonia-200ml-wepink.html]
[weepink.me/collections/GET]
[weepink.me/collections/url]
[weepink.me/collections/window.location.href]
[weepink.me/collections/frontpage.html]
[weepink.me/collections/makes.atom]
[weepink.me/collections/makes.oembed]
[weepink.me/collections/makes/products/welips-batom-liquido-matte-5ml-wepink.html]
[weepink.me/collections/makes/products/cleansing-oil-demaquilante-120ml-wepink.html]
[weepink.me/collections/makes/products/boldeye-lapis-retratil-all-black-0-28g-wepink.html]
[weepink.me/collections/makes/products/weblush-quarteto-de-blush-7-2g-wepink.html]
[weepink.me/collections/makes/products/gloss-my-lips-4ml-wepink.html]
[weepink.me/collections/makes.html]
[weepink.me/collections/makes/products/lip-tint-glow-essencial-5-8ml-wepink.html]
[weepink.me/collections/skincare.atom]
[weepink.me/collections/skincare.oembed]
[weepink.me/collections/skincare/products/we-mask-mascara-de-argila-carvao-ativado-100g-wepink.html]
[weepink.me/collections/skincare/products/kit-skincare-wepink.html]
[weepink.me/collections/skincare/products/eyescare-creme-contorno-dos-olhos-15ml-wepink.html]
[weepink.me/collections/skincare/products/serum-noturno-25ml-wepink.html]
[weepink.me/collections/skincare/products/cleansing-wipes-lenco-umedecido-demaquilante-25-un-wepink.html]
[weepink.me/collections/skincare/products/protetor-solar-fps-50-suncare-30ml-we-pink.html]
[weepink.me/collections/skincare/products/cleanser-essential-sabonete-facial-120ml-wepink.html]
[weepink.me/collections/skincare.html]
[weepink.me/collections/skincare/products/hydracare-essential-hidratante-facial-60ml-wepink.html]
[weepink.me/collections/body-splash.atom]
[weepink.me/collections/body-splash.oembed]
[weepink.me/collections/body-splash/products/body-splash-wonderful-desodorante-colonia-200ml-wepink.html]
[weepink.me/collections/body-splash/products/body-splash-king-blue-desodorante-colonia-200ml-wepink.html]
[weepink.me/collections/body-splash/products/body-splash-heaven-bride-desodorante-colonia-200ml-wepink.html]
[weepink.me/collections/body-splash/products/body-splash-vf-desodorante-colonia-200ml-wepink.html]
[weepink.me/collections/body-splash/products/body-splash-king-blue-deep-desodorante-colonia-200ml-wepink.html]
[weepink.me/collections/body-splash/products/body-splash-perfect-pear-desodorante-colonia-200ml-wepink.html]
[weepink.me/collections/body-splash/products/body-splash-vf-bloom-desodorante-colonia-200ml-wepink.html]
[weepink.me/collections/body-splash/products/body-splash-infinity-desodorante-colonia-200ml-wepink.html]
[weepink.me/collections/body-splash/products/body-splash-infinity-xis-desodorante-colonia-200ml-wepink.html]
[weepink.me/collections/body-splash.html]
[weepink.me/collections/body-splash/products/body-splash-obsessed-desodorante-colonia-200ml-wepink.html]
[weepink.me/collections/bem-estar.atom]
[weepink.me/collections/bem-estar.oembed]
[weepink.me/collections/bem-estar.html]
[weepink.me/collections/bem-estar/products/oleo-essencial-lavanda-5ml-wepink.html]
[weepink.me/collections/kits.atom]
[weepink.me/collections/kits.oembed]
[weepink.me/collections/kits/products/kit-5-body-splash-crave-wonbloom-vf-onyx-obsessed-heaven-wepink.html]
[weepink.me/collections/kits/products/kit-perfume-obsessed-body-splash-obsessed-creme-corporal-obsessed.html]
[weepink.me/collections/kits/products/kit-shampoo-condicionador-proteina-booster-wepink.html]
[weepink.me/collections/kits/products/kit-5-bodysplash-obsessed-exclusif-golden-life-bride-weepink.html]
[weepink.me/collections/kits/products/kit-skincare-wepink.html]
[weepink.me/collections/kits.html]
[weepink.me/collections/kits/products/kit-body-splash-obsessed-exclusif-golden-life-bride-wepink.html]
[weepink.me/collections/perfumaria.atom]
[weepink.me/collections/perfumaria.oembed]
[weepink.me/collections/perfumaria/products/vf-desodorante-colonia-75ml-wepink.html]
[weepink.me/collections/perfumaria/products/one-touch-warm-desodorante-colonia-100ml-wepink.html]
[weepink.me/collections/perfumaria/products/celebrate-life-desodorante-colonia-100ml-wepink.html]
[weepink.me/collections/perfumaria/products/vf-bloom-desodorante-colonia-75ml-wepink.html]
[weepink.me/collections/perfumaria/products/liberte-desodorante-colonia-100ml-wepink.html]
[weepink.me/collections/perfumaria/products/vf-golden-desodorante-colonia-75ml-wepink.html]
[weepink.me/collections/perfumaria/products/liberte-exclusif-desodorante-colonia-100ml-wepink.html]
[weepink.me/collections/perfumaria/products/obsessed-desodorante-colonia-100ml-wepink.html]
[weepink.me/collections/perfumaria.html]
[weepink.me/collections/perfumaria/products/vf-onyx-desodorante-colonia-75ml-wepink.html]
[weepink.me/collections/hair.atom]
[weepink.me/collections/hair.oembed]
[weepink.me/collections/hair/products/hair-tonic-tonico-capilar-120ml-wepink.html]
[weepink.me/collections/hair/products/hair-mist-red-desodorante-capilar-50ml-wepink.html]
[weepink.me/collections/hair/products/hair-mist-heaven-desodorante-capilar-50ml-wepink.html]
[weepink.me/collections/hair/products/hair-mist-obsessed-desodorante-capilar-50ml-wepink.html]
[weepink.me/collections/hair/products/hair-mist-liberte-desodorante-capilar-50ml-wepink.html]
[weepink.me/collections/hair/products/proteina-condicionante-my-hair-ultra-repair-230ml-wepink.html]
[weepink.me/collections/hair/products/leave-in-capilar-multifuncional-120ml-wepink.html]
[weepink.me/collections/hair.html]
[weepink.me/collections/hair/products/booster-repair-oleo-capilar-30ml-wepink.html]
[weepink.me/collections/body-cream.atom]
[weepink.me/collections/body-cream.oembed]
[weepink.me/collections/body-cream/products/body-cream-fatal-rouge-desodorante-hidratante-200ml-wepink.html]
[weepink.me/collections/body-cream/products/body-cream-one-touch-warm-desodorante-hidratante-200ml-wepink.html]
[weepink.me/collections/body-cream/products/body-cream-obsessed-gold-desodorante-hidratante-200ml-wepink.html]
[weepink.me/collections/body-cream/products/body-cream-perfect-pear-desodorante-hidratante-200ml-wepink.html]
[weepink.me/collections/body-cream/products/body-cream-vf-choices-desodorante-hidratante-200ml-wepink.html]
[weepink.me/collections/body-cream/products/body-cream-vf-desodorante-hidratante-200ml-wepink.html]
[weepink.me/collections/body-cream/products/body-cream-liberte-desodorante-hidratante-200ml-wepink.html]
[weepink.me/collections/body-cream/products/body-cream-obsessed-desodorante-hidratante-200ml-wepink.html]
[weepink.me/collections/body-cream.html]
[weepink.me/collections/body-cream/products/body-cream-vf-golden-desodorante-hidratante-200ml-wepink.html]
[weepink.me/pages/rastreio-2026.html]
[weepink.me/pages/POST]
[weepink.me/pages/GET]
[weepink.me/pages/url]
[weepink.me/pages/window.location.href]
[weepink.me/pages/Rastreio-2025.html]
[weepink.me/cart.html]
[weepink.me/products/kit-perfume-obsessed-body-splash-obsessed-creme-corporal-obsessed.html]
[weepink.me/products/kit-perfume-obsessed-body-splash-obsessed-creme-corporal-obsessed.oembed]
[weepink.me/collections/perfumaria/products/POST]
[weepink.me/cdn/shop/files/ChatGPTImageSep9_2025_04_57_54PM_800xab4a.png]
[weepink.me/cdn/shop/files/159440-1200-auto_74d9fdfe-f6dc-4e60-b7fa-994e14c7c75a_800xcea5.png]
[weepink.me/cdn/shop/files/160047-1200-auto_f421600a-43d3-43e9-98d7-b9df325b3a7d_800xcea5.jpg]
[weepink.me/cdn/shop/files/161008-1200-auto_8037227c-ba71-44bc-b166-e117ef4e77eb_800xcea5.png]
[weepink.me/cdn/shop/files/ChatGPTImageSep9_2025_04_57_54PM_1024xab4a.png]
[weepink.me/cdn/shop/files/159440-1200-auto_74d9fdfe-f6dc-4e60-b7fa-994e14c7c75a_1024xcea5.png]
[weepink.me/cdn/shop/files/160047-1200-auto_f421600a-43d3-43e9-98d7-b9df325b3a7d_1024xcea5.jpg]
[weepink.me/cdn/shop/files/161008-1200-auto_8037227c-ba71-44bc-b166-e117ef4e77eb_1024xcea5.png]
[weepink.me/collections/perfumaria/products/GET]
[weepink.me/collections/perfumaria/products/url]
[weepink.me/collections/perfumaria/products/window.location.href]
[weepink.me/collections/perfumaria/products/kit-perfume-obsessed-body-splash-obsessed-creme-corporal-obsessed.html]
[weepink.me/products/celebrate-relics-desodorante-colonia-100ml-wepink.html]
[weepink.me/products/celebrate-relics-desodorante-colonia-100ml-wepink.oembed]
[weepink.me/cdn/shop/files/160843-1200-auto_800x36d3.png]
[weepink.me/cdn/shop/files/160844-1200-auto_800x36d3.png]
[weepink.me/cdn/shop/files/160845-1200-auto_800x36d3.png]
[weepink.me/cdn/shop/files/160843-1200-auto_1024x36d3.png]
[weepink.me/cdn/shop/files/160844-1200-auto_1024x36d3.png]
[weepink.me/cdn/shop/files/160845-1200-auto_1024x36d3.png]
[weepink.me/collections/perfumaria/products/celebrate-relics-desodorante-colonia-100ml-wepink.html]
[weepink.me/products/infinity-desodorante-colonia-75ml-wepink.html]
[weepink.me/products/infinity-desodorante-colonia-75ml-wepink.oembed]
[weepink.me/cdn/shop/files/159567-1200-auto_800x63cc.png]
[weepink.me/cdn/shop/files/158205-1200-auto_800x63cc.png]
[weepink.me/cdn/shop/files/158206-1200-auto_800x63cc.png]
[weepink.me/cdn/shop/files/159567-1200-auto_1024x63cc.png]
[weepink.me/cdn/shop/files/158205-1200-auto_1024x63cc.png]
[weepink.me/cdn/shop/files/158206-1200-auto_1024x63cc.png]
[weepink.me/collections/perfumaria/products/infinity-desodorante-colonia-75ml-wepink.html]
[weepink.me/products/one-touch-desodorante-colonia-100ml-wepink.html]
[weepink.me/products/one-touch-desodorante-colonia-100ml-wepink.oembed]
[weepink.me/cdn/shop/files/159391-1200-auto_800x533f.png]
[weepink.me/cdn/shop/files/158261-1200-auto_800x533f.png]
[weepink.me/cdn/shop/files/158262-1200-auto_800x533f.png]
[weepink.me/cdn/shop/files/159391-1200-auto_1024x533f.png]
[weepink.me/cdn/shop/files/158261-1200-auto_1024x533f.png]
[weepink.me/cdn/shop/files/158262-1200-auto_1024x533f.png]
[weepink.me/collections/perfumaria/products/one-touch-desodorante-colonia-100ml-wepink.html]
[weepink.me/products/king-blue-desodorante-colonia-100ml-wepink.html]
[weepink.me/products/king-blue-desodorante-colonia-100ml-wepink.oembed]
[weepink.me/cdn/shop/files/159556-1200-auto_800x77f1.png]
[weepink.me/cdn/shop/files/158214-1200-auto_800x77f1.png]
[weepink.me/cdn/shop/files/158215-1200-auto_800x77f1.png]
[weepink.me/cdn/shop/files/159556-1200-auto_1024x77f1.png]
[weepink.me/cdn/shop/files/158214-1200-auto_1024x77f1.png]
[weepink.me/cdn/shop/files/158215-1200-auto_1024x77f1.png]
[weepink.me/collections/perfumaria/products/king-blue-desodorante-colonia-100ml-wepink.html]
[weepink.me/products/kit-5-body-splash-crave-wonbloom-vf-onyx-obsessed-heaven-wepink.oembed]
[weepink.me/products/POST]
[weepink.me/products/GET]
[weepink.me/products/url]
[weepink.me/products/window.location.href]
[weepink.me/products/kit-5-body-splash-crave-wonbloom-vf-onyx-obsessed-heaven-wepink.html]
[weepink.me/collections/body-splash/products/POST]
[weepink.me/collections/body-splash/products/GET]
[weepink.me/collections/body-splash/products/url]
[weepink.me/collections/body-splash/products/window.location.href]
[weepink.me/collections/body-splash/products/kit-5-body-splash-crave-wonbloom-vf-onyx-obsessed-heaven-wepink.html]
[weepink.me/products/kit-5-bodysplash-obsessed-exclusif-golden-life-bride-weepink.html]
[weepink.me/products/kit-5-bodysplash-obsessed-exclusif-golden-life-bride-weepink.oembed]
[weepink.me/cdn/shop/files/161297-1200-auto_7c2c5fc4-8abf-41d5-8913-cd877d961810_800x05ae.png]
[weepink.me/cdn/shop/files/161297-1200-auto_7c2c5fc4-8abf-41d5-8913-cd877d961810_1024x05ae.png]
[weepink.me/collections/body-splash/products/kit-5-bodysplash-obsessed-exclusif-golden-life-bride-weepink.html]
[weepink.me/products/body-splash-vf-golden-desodorante-colonia-200ml-wepink.html]
[weepink.me/products/body-splash-vf-golden-desodorante-colonia-200ml-wepink.oembed]
[weepink.me/cdn/shop/files/159765-1200-auto_800x9890.png]
[weepink.me/cdn/shop/files/159766-1200-auto_800x9890.png]
[weepink.me/cdn/shop/files/159767-1200-auto_800x9890.png]
[weepink.me/cdn/shop/files/159768-1200-auto_800x9890.png]
[weepink.me/cdn/shop/files/159765-1200-auto_1024x9890.png]
[weepink.me/cdn/shop/files/159766-1200-auto_1024x9890.png]
[weepink.me/cdn/shop/files/159767-1200-auto_1024x9890.png]
[weepink.me/cdn/shop/files/159768-1200-auto_1024x9890.png]
[weepink.me/collections/body-splash/products/body-splash-vf-golden-desodorante-colonia-200ml-wepink.html]
[weepink.me/products/body-splash-liberte-exclusif-desodorante-colonia-200ml-wepink.html]
[weepink.me/products/body-splash-liberte-exclusif-desodorante-colonia-200ml-wepink.oembed]
[weepink.me/cdn/shop/files/160998-1200-auto_800x9873.png]
[weepink.me/cdn/shop/files/160999-1200-auto_800x843a.png]
[weepink.me/cdn/shop/files/161000-1200-auto_800x843a.png]
[weepink.me/cdn/shop/files/160998-1200-auto_1024x9873.png]
[weepink.me/cdn/shop/files/160999-1200-auto_1024x843a.png]
[weepink.me/cdn/shop/files/161000-1200-auto_1024x843a.png]
[weepink.me/collections/body-splash/products/body-splash-liberte-exclusif-desodorante-colonia-200ml-wepink.html]
[weepink.me/products/body-splash-vf-choices-desodorante-colonia-200ml-wepink.html]
[weepink.me/products/body-splash-vf-choices-desodorante-colonia-200ml-wepink.oembed]
[weepink.me/cdn/shop/files/160339-1200-auto_800x95cc.jpg]
[weepink.me/cdn/shop/files/160338-1200-auto_800x8de7.jpg]
[weepink.me/cdn/shop/files/160337-1200-auto_800x8de7.jpg]
[weepink.me/cdn/shop/files/160339-1200-auto_1024x95cc.jpg]
[weepink.me/cdn/shop/files/160338-1200-auto_1024x8de7.jpg]
[weepink.me/cdn/shop/files/160337-1200-auto_1024x8de7.jpg]
[weepink.me/collections/body-splash/products/body-splash-vf-choices-desodorante-colonia-200ml-wepink.html]
[weepink.me/cdn/shopifycloud/storefront/assets/storefront/policy-dba6c8e0.css]
[weepink.me/policies/POST]
[weepink.me/policies/GET]
[weepink.me/policies/url]
[weepink.me/policies/window.location.href]
[weepink.me/policies/privacy-policy.html]
[weepink.me/cart/POST]
[weepink.me/cart/GET]
[weepink.me/cart/url]
[weepink.me/cart/window.location.href]
[weepink.me/cart/indexd176.html]
[weepink.me/GET.html]
[weepink.me/url.html]
[weepink.me/window.location.html]
[weepink.me/collections/POST.html]
[weepink.me/collections/all.atom]
[weepink.me/collections/all4658.html]
[weepink.me/products/body-cream-celebrate-life-desodorante-hidratante-200ml-wepink.html]
[weepink.me/products/body-cream-fatal-rouge-desodorante-hidratante-200ml-wepink.html]
[weepink.me/products/body-cream-liberte-desodorante-hidratante-200ml-wepink.html]
[weepink.me/products/body-cream-obsessed-desodorante-hidratante-200ml-wepink.html]
[weepink.me/products/body-cream-obsessed-gold-desodorante-hidratante-200ml-wepink.html]
[weepink.me/products/body-cream-one-touch-warm-desodorante-hidratante-200ml-wepink.html]
[weepink.me/products/body-cream-perfect-pear-desodorante-hidratante-200ml-wepink.html]
[weepink.me/products/body-cream-vf-choices-desodorante-hidratante-200ml-wepink.html]
[weepink.me/products/body-cream-vf-desodorante-hidratante-200ml-wepink.html]
[weepink.me/products/body-cream-vf-golden-desodorante-hidratante-200ml-wepink.html]
[weepink.me/products/body-splash-heaven-bride-desodorante-colonia-200ml-wepink.html]
[weepink.me/products/body-splash-infinity-desodorante-colonia-200ml-wepink.html]
[weepink.me/products/body-splash-infinity-xis-desodorante-colonia-200ml-wepink.html]
[weepink.me/products/body-splash-king-blue-deep-desodorante-colonia-200ml-wepink.html]
[weepink.me/products/body-splash-king-blue-desodorante-colonia-200ml-wepink.html]
[weepink.me/products/body-splash-obsessed-desodorante-colonia-200ml-wepink.html]
[weepink.me/products/body-splash-perfect-pear-desodorante-colonia-200ml-wepink.html]
[weepink.me/products/body-splash-vf-bloom-desodorante-colonia-200ml-wepink.html]
[weepink.me/products/body-splash-vf-desodorante-colonia-200ml-wepink.html]
[weepink.me/products/body-splash-wonderful-desodorante-colonia-200ml-wepink.html]
[weepink.me/products/boldeye-lapis-retratil-all-black-0-28g-wepink.html]
[weepink.me/collections/all8617.html]
[weepink.me/collections/all.html]
[weepink.me/collections/all9ba9.html]
[weepink.me/pages/contact.html]
[weepink.me/collections/frontpage/products/POST]
[weepink.me/collections/frontpage/products/GET]
[weepink.me/collections/frontpage/products/url]
[weepink.me/collections/frontpage/products/window.location.href]
[weepink.me/collections/frontpage/products/kit-5-body-splash-crave-wonbloom-vf-onyx-obsessed-heaven-wepink.html]
[weepink.me/products/kit-shampoo-condicionador-proteina-booster-wepink.html]
[weepink.me/products/kit-shampoo-condicionador-proteina-booster-wepink.oembed]
[weepink.me/cdn/shop/files/161296-1600-auto_800x7de0.png]
[weepink.me/cdn/shop/files/161296-1600-auto_1024x7de0.png]
[weepink.me/collections/frontpage/products/kit-shampoo-condicionador-proteina-booster-wepink.html]
[weepink.me/collections/frontpage/products/body-splash-vf-golden-desodorante-colonia-200ml-wepink.html]
[weepink.me/collections/frontpage/products/body-splash-liberte-exclusif-desodorante-colonia-200ml-wepink.html]
[weepink.me/products/vf-onyx-desodorante-colonia-75ml-wepink.html]
[weepink.me/products/vf-onyx-desodorante-colonia-75ml-wepink.oembed]
[weepink.me/cdn/shop/files/161279-1200-auto_800x178e.png]
[weepink.me/cdn/shop/files/161280-1200-auto_800x178e.png]
[weepink.me/cdn/shop/files/161281-1200-auto_800x178e.png]
[weepink.me/cdn/shop/files/161279-1200-auto_1024x178e.png]
[weepink.me/cdn/shop/files/161280-1200-auto_1024x178e.png]
[weepink.me/cdn/shop/files/161281-1200-auto_1024x178e.png]
[weepink.me/collections/frontpage/products/vf-onyx-desodorante-colonia-75ml-wepink.html]
[weepink.me/products/vf-golden-desodorante-colonia-75ml-wepink.html]
[weepink.me/products/vf-golden-desodorante-colonia-75ml-wepink.oembed]
[weepink.me/cdn/shop/files/160545-1200-auto_800x0c25.jpg]
[weepink.me/cdn/shop/files/160546-1200-auto_800x0c25.jpg]
[weepink.me/cdn/shop/files/160547-1200-auto_800x0c25.jpg]
[weepink.me/cdn/shop/files/160545-1200-auto_1024x0c25.jpg]
[weepink.me/cdn/shop/files/160546-1200-auto_1024x0c25.jpg]
[weepink.me/cdn/shop/files/160547-1200-auto_1024x0c25.jpg]
[weepink.me/collections/frontpage/products/vf-golden-desodorante-colonia-75ml-wepink.html]
[weepink.me/products/vf-bloom-desodorante-colonia-75ml-wepink.html]
[weepink.me/products/vf-bloom-desodorante-colonia-75ml-wepink.oembed]
[weepink.me/cdn/shop/files/160550-1200-auto_800xb940.jpg]
[weepink.me/cdn/shop/files/160551-1200-auto_800xb940.jpg]
[weepink.me/cdn/shop/files/160552-1200-auto_800xb940.jpg]
[weepink.me/cdn/shop/files/160550-1200-auto_1024xb940.jpg]
[weepink.me/cdn/shop/files/160551-1200-auto_1024xb940.jpg]
[weepink.me/cdn/shop/files/160552-1200-auto_1024xb940.jpg]
[weepink.me/collections/frontpage/products/vf-bloom-desodorante-colonia-75ml-wepink.html]
[weepink.me/products/serum-noturno-25ml-wepink.html]
[weepink.me/products/serum-noturno-25ml-wepink.oembed]
[weepink.me/cdn/shop/files/158458-1200-auto_800xc719.png]
[weepink.me/cdn/shop/files/158459-1200-auto_800x38b8.png]
[weepink.me/cdn/shop/files/159651-1200-auto_800x38b8.png]
[weepink.me/cdn/shop/files/158458-1200-auto_1024xc719.png]
[weepink.me/cdn/shop/files/158459-1200-auto_1024x38b8.png]
[weepink.me/cdn/shop/files/159651-1200-auto_1024x38b8.png]
[weepink.me/collections/frontpage/products/serum-noturno-25ml-wepink.html]
[weepink.me/products/obsessed-desodorante-colonia-100ml-wepink.html]
[weepink.me/products/obsessed-desodorante-colonia-100ml-wepink.oembed]
[weepink.me/cdn/shop/files/158210-1200-auto_800xf84c.png]
[weepink.me/cdn/shop/files/158211-1200-auto_800xf84c.png]
[weepink.me/cdn/shop/files/159440-1200-auto_800xf84c.png]
[weepink.me/cdn/shop/files/158210-1200-auto_1024xf84c.png]
[weepink.me/cdn/shop/files/158211-1200-auto_1024xf84c.png]
[weepink.me/cdn/shop/files/159440-1200-auto_1024xf84c.png]
[weepink.me/collections/frontpage/products/obsessed-desodorante-colonia-100ml-wepink.html]
[weepink.me/products/liberte-exclusif-desodorante-colonia-100ml-wepink.html]
[weepink.me/products/liberte-exclusif-desodorante-colonia-100ml-wepink.oembed]
[weepink.me/cdn/shop/files/160730-1200-auto_800xe92f.png]
[weepink.me/cdn/shop/files/160731-1200-auto_800xe92f.jpg]
[weepink.me/cdn/shop/files/160732-1200-auto_800xe92f.jpg]
[weepink.me/cdn/shop/files/160730-1200-auto_1024xe92f.png]
[weepink.me/cdn/shop/files/160731-1200-auto_1024xe92f.jpg]
[weepink.me/cdn/shop/files/160732-1200-auto_1024xe92f.jpg]
[weepink.me/collections/frontpage/products/liberte-exclusif-desodorante-colonia-100ml-wepink.html]
[weepink.me/products/liberte-desodorante-colonia-100ml-wepink.html]
[weepink.me/products/liberte-desodorante-colonia-100ml-wepink.oembed]
[weepink.me/cdn/shop/files/160396-1200-auto_800xe428.jpg]
[weepink.me/cdn/shop/files/160397-1200-auto_800xe428.jpg]
[weepink.me/cdn/shop/files/160398-1200-auto_800xe428.jpg]
[weepink.me/cdn/shop/files/160396-1200-auto_1024xe428.jpg]
[weepink.me/cdn/shop/files/160397-1200-auto_1024xe428.jpg]
[weepink.me/cdn/shop/files/160398-1200-auto_1024xe428.jpg]
[weepink.me/collections/frontpage/products/liberte-desodorante-colonia-100ml-wepink.html]
[weepink.me/products/leave-in-capilar-multifuncional-120ml-wepink.html]
[weepink.me/products/leave-in-capilar-multifuncional-120ml-wepink.oembed]
[weepink.me/cdn/shop/files/161140-1200-auto_800x9e9b.jpg]
[weepink.me/cdn/shop/files/161139-1200-auto_800x9e9b.jpg]
[weepink.me/cdn/shop/files/161138-1200-auto_800x9e9b.png]
[weepink.me/cdn/shop/files/161140-1200-auto_1024x9e9b.jpg]
[weepink.me/cdn/shop/files/161139-1200-auto_1024x9e9b.jpg]
[weepink.me/cdn/shop/files/161138-1200-auto_1024x9e9b.png]
[weepink.me/collections/frontpage/products/leave-in-capilar-multifuncional-120ml-wepink.html]
[weepink.me/products/kit-body-splash-obsessed-exclusif-golden-life-bride-wepink.html]
[weepink.me/products/kit-body-splash-obsessed-exclusif-golden-life-bride-wepink.oembed]
[weepink.me/cdn/shop/files/161297-1200-auto_800xd706.png]
[weepink.me/cdn/shop/files/161297-1200-auto_1024xd706.png]
[weepink.me/collections/frontpage/products/kit-body-splash-obsessed-exclusif-golden-life-bride-wepink.html]
[weepink.me/products/hair-tonic-tonico-capilar-120ml-wepink.html]
[weepink.me/products/hair-tonic-tonico-capilar-120ml-wepink.oembed]
[weepink.me/cdn/shop/files/159648-1200-auto_800x809f.png]
[weepink.me/cdn/shop/files/158419-1200-auto_800x809f.png]
[weepink.me/cdn/shop/files/158418-1200-auto_800x809f.png]
[weepink.me/cdn/shop/files/159648-1200-auto_1024x809f.png]
[weepink.me/cdn/shop/files/158419-1200-auto_1024x809f.png]
[weepink.me/cdn/shop/files/158418-1200-auto_1024x809f.png]
[weepink.me/collections/frontpage/products/hair-tonic-tonico-capilar-120ml-wepink.html]
[weepink.me/products/hair-mist-red-desodorante-capilar-50ml-wepink.html]
[weepink.me/products/hair-mist-red-desodorante-capilar-50ml-wepink.oembed]
[weepink.me/cdn/shop/files/160806-1200-auto_800xe9fb.jpg]
[weepink.me/cdn/shop/files/160807-1200-auto_800xe9fb.jpg]
[weepink.me/cdn/shop/files/160808-1200-auto_800xe9fb.jpg]
[weepink.me/cdn/shop/files/160806-1200-auto_1024xe9fb.jpg]
[weepink.me/cdn/shop/files/160807-1200-auto_1024xe9fb.jpg]
[weepink.me/cdn/shop/files/160808-1200-auto_1024xe9fb.jpg]
[weepink.me/collections/frontpage/products/hair-mist-red-desodorante-capilar-50ml-wepink.html]
[weepink.me/products/hair-mist-obsessed-desodorante-capilar-50ml-wepink.html]
[weepink.me/products/hair-mist-obsessed-desodorante-capilar-50ml-wepink.oembed]
[weepink.me/cdn/shop/files/160801-1200-auto_800x82ea.jpg]
[weepink.me/cdn/shop/files/160803-1200-auto_800x82ea.jpg]
[weepink.me/cdn/shop/files/160802-1200-auto_800x82ea.jpg]
[weepink.me/cdn/shop/files/160801-1200-auto_1024x82ea.jpg]
[weepink.me/cdn/shop/files/160803-1200-auto_1024x82ea.jpg]
[weepink.me/cdn/shop/files/160802-1200-auto_1024x82ea.jpg]
[weepink.me/collections/frontpage/products/hair-mist-obsessed-desodorante-capilar-50ml-wepink.html]
[weepink.me/products/cleansing-wipes-lenco-umedecido-demaquilante-25-un-wepink.html]
[weepink.me/products/cleansing-wipes-lenco-umedecido-demaquilante-25-un-wepink.oembed]
[weepink.me/cdn/shop/files/159486-1200-auto_800x2876.png]
[weepink.me/cdn/shop/files/159487-1200-auto_800x2876.png]
[weepink.me/cdn/shop/files/159488-1200-auto_800x2876.png]
[weepink.me/cdn/shop/files/159486-1200-auto_1024x2876.png]
[weepink.me/cdn/shop/files/159487-1200-auto_1024x2876.png]
[weepink.me/cdn/shop/files/159488-1200-auto_1024x2876.png]
[weepink.me/collections/frontpage/products/cleansing-wipes-lenco-umedecido-demaquilante-25-un-wepink.html]
[weepink.me/products/celebrate-life-desodorante-colonia-100ml-wepink.html]
[weepink.me/products/celebrate-life-desodorante-colonia-100ml-wepink.oembed]
[weepink.me/cdn/shop/files/159934-1200-auto_800xbb0b.png]
[weepink.me/cdn/shop/files/159933-1200-auto_800xbb0b.png]
[weepink.me/cdn/shop/files/159932-1200-auto_800xbb0b.png]
[weepink.me/cdn/shop/files/159934-1200-auto_1024xbb0b.png]
[weepink.me/cdn/shop/files/159933-1200-auto_1024xbb0b.png]
[weepink.me/cdn/shop/files/159932-1200-auto_1024xbb0b.png]
[weepink.me/collections/frontpage/products/celebrate-life-desodorante-colonia-100ml-wepink.html]
[weepink.me/products/booster-repair-oleo-capilar-30ml-wepink.html]
[weepink.me/products/booster-repair-oleo-capilar-30ml-wepink.oembed]
[weepink.me/cdn/shop/files/160519-1200-auto_800x024a.jpg]
[weepink.me/cdn/shop/files/160518-1200-auto_800x024a.jpg]
[weepink.me/cdn/shop/files/160517-1200-auto_800x024a.jpg]
[weepink.me/cdn/shop/files/160519-1200-auto_1024x024a.jpg]
[weepink.me/cdn/shop/files/160518-1200-auto_1024x024a.jpg]
[weepink.me/cdn/shop/files/160517-1200-auto_1024x024a.jpg]
[weepink.me/collections/frontpage/products/booster-repair-oleo-capilar-30ml-wepink.html]
[weepink.me/products/body-splash-vf-bloom-desodorante-colonia-200ml-wepink.oembed]
[weepink.me/cdn/shop/files/159435-1200-auto_800x4169.png]
[weepink.me/cdn/shop/files/157697-1200-auto_800xfb65.png]
[weepink.me/cdn/shop/files/157699-1200-auto_800xfb65.png]
[weepink.me/cdn/shop/files/157696-1200-auto_800x5a83.png]
[weepink.me/cdn/shop/files/159435-1200-auto_1024x4169.png]
[weepink.me/cdn/shop/files/157697-1200-auto_1024xfb65.png]
[weepink.me/cdn/shop/files/157699-1200-auto_1024xfb65.png]
[weepink.me/cdn/shop/files/157696-1200-auto_1024x5a83.png]
[weepink.me/collections/frontpage/products/body-splash-vf-bloom-desodorante-colonia-200ml-wepink.html]
[weepink.me/products/body-splash-perfect-pear-desodorante-colonia-200ml-wepink.oembed]
[weepink.me/cdn/shop/files/158682-1200-auto_800x9ec0.png]
[weepink.me/cdn/shop/files/158683-1200-auto_800x9ec0.png]
[weepink.me/cdn/shop/files/158685-1200-auto_800x9ec0.png]
[weepink.me/cdn/shop/files/159438-1200-auto_800x9355.png]
[weepink.me/cdn/shop/files/158682-1200-auto_1024x9ec0.png]
[weepink.me/cdn/shop/files/158683-1200-auto_1024x9ec0.png]
[weepink.me/cdn/shop/files/158685-1200-auto_1024x9ec0.png]
[weepink.me/cdn/shop/files/159438-1200-auto_1024x9355.png]
[weepink.me/collections/frontpage/products/body-splash-perfect-pear-desodorante-colonia-200ml-wepink.html]
[weepink.me/products/body-splash-obsessed-desodorante-colonia-200ml-wepink.oembed]
[weepink.me/cdn/shop/files/161008-1200-auto_800x7ac0.png]
[weepink.me/cdn/shop/files/161010-1200-auto_800x7ac0.png]
[weepink.me/cdn/shop/files/161008-1200-auto_1024x7ac0.png]
[weepink.me/cdn/shop/files/161010-1200-auto_1024x7ac0.png]
[weepink.me/collections/frontpage/products/body-splash-obsessed-desodorante-colonia-200ml-wepink.html]
[weepink.me/products/body-splash-infinity-xis-desodorante-colonia-200ml-wepink.oembed]
[weepink.me/cdn/shop/files/161213-1200-auto_800xc719.jpg]
[weepink.me/cdn/shop/files/161214-1200-auto_800xc719.jpg]
[weepink.me/cdn/shop/files/161215-1200-auto_800x1f52.jpg]
[weepink.me/cdn/shop/files/161213-1200-auto_1024xc719.jpg]
[weepink.me/cdn/shop/files/161214-1200-auto_1024xc719.jpg]
[weepink.me/cdn/shop/files/161215-1200-auto_1024x1f52.jpg]
[weepink.me/collections/frontpage/products/body-splash-infinity-xis-desodorante-colonia-200ml-wepink.html]
[weepink.me/products/body-splash-infinity-desodorante-colonia-200ml-wepink.oembed]
[weepink.me/cdn/shop/files/159375-1200-auto_800x71b1.png]
[weepink.me/cdn/shop/files/157930-1200-auto_800x71b1.png]
[weepink.me/cdn/shop/files/157928-1200-auto_800x71b1.png]
[weepink.me/cdn/shop/files/157929-1200-auto_800x71b1.png]
[weepink.me/cdn/shop/files/159375-1200-auto_1024x71b1.png]
[weepink.me/cdn/shop/files/157930-1200-auto_1024x71b1.png]
[weepink.me/cdn/shop/files/157928-1200-auto_1024x71b1.png]
[weepink.me/cdn/shop/files/157929-1200-auto_1024x71b1.png]
[weepink.me/collections/frontpage/products/body-splash-infinity-desodorante-colonia-200ml-wepink.html]
[weepink.me/collections/GET.html]
[weepink.me/collections/url.html]
[weepink.me/collections/window.location.href]
[weepink.me/products/welips-batom-liquido-matte-5ml-wepink.html]
[weepink.me/products/welips-batom-liquido-matte-5ml-wepink.oembed]
[weepink.me/collections/makes/products/POST]
[weepink.me/cdn/shop/files/156617-1200-auto_800x65f0.png]
[weepink.me/cdn/shop/files/156618-1200-auto_800x65f0.png]
[weepink.me/cdn/shop/files/159694-1200-auto_800x3783.png]
[weepink.me/cdn/shop/files/156594-1200-auto_800xf228.png]
[weepink.me/cdn/shop/files/156599-1200-auto_4112b597-5252-464a-902e-6274b72cd5d9_800xf267.png]
[weepink.me/cdn/shop/files/156604-1200-auto_92bb7f6a-bf5b-4a88-830b-933b5fe6de48_800xc933.png]
[weepink.me/cdn/shop/files/156609-1200-auto_800x7a95.png]
[weepink.me/cdn/shop/files/156617-1200-auto_1024x65f0.png]
[weepink.me/cdn/shop/files/156618-1200-auto_1024x65f0.png]
[weepink.me/cdn/shop/files/159694-1200-auto_1024x3783.png]
[weepink.me/cdn/shop/files/156594-1200-auto_1024xf228.png]
[weepink.me/cdn/shop/files/156599-1200-auto_4112b597-5252-464a-902e-6274b72cd5d9_1024xf267.png]
[weepink.me/cdn/shop/files/156604-1200-auto_92bb7f6a-bf5b-4a88-830b-933b5fe6de48_1024xc933.png]
[weepink.me/cdn/shop/files/156609-1200-auto_1024x7a95.png]
[weepink.me/cdn/shop/files/156617-1200-auto_120x65f0.png]
[weepink.me/cdn/shop/files/156594-1200-auto_120xf228.png]
[weepink.me/cdn/shop/files/156599-1200-auto_4112b597-5252-464a-902e-6274b72cd5d9_120xf267.png]
[weepink.me/cdn/shop/files/156604-1200-auto_92bb7f6a-bf5b-4a88-830b-933b5fe6de48_120xc933.png]
[weepink.me/cdn/shop/files/156609-1200-auto_120x7a95.png]
[weepink.me/collections/makes/products/GET]
[weepink.me/collections/makes/products/url]
[weepink.me/collections/makes/products/window.location.href]
[weepink.me/collections/makes/products/welips-batom-liquido-matte-5ml-wepink.html]
[weepink.me/products/cleansing-oil-demaquilante-120ml-wepink.html]
[weepink.me/products/cleansing-oil-demaquilante-120ml-wepink.oembed]
[weepink.me/cdn/shop/files/159952-1200-auto_800x0233.png]
[weepink.me/cdn/shop/files/159953-1200-auto_800x547f.png]
[weepink.me/cdn/shop/files/159954-1200-auto_800x547f.png]
[weepink.me/cdn/shop/files/159952-1200-auto_1024x0233.png]
[weepink.me/cdn/shop/files/159953-1200-auto_1024x547f.png]
[weepink.me/cdn/shop/files/159954-1200-auto_1024x547f.png]
[weepink.me/collections/makes/products/cleansing-oil-demaquilante-120ml-wepink.html]
[weepink.me/products/boldeye-lapis-retratil-all-black-0-28g-wepink.oembed]
[weepink.me/cdn/shop/files/158481-1200-auto_800xc332.png]
[weepink.me/cdn/shop/files/158482-1200-auto_800x1365.png]
[weepink.me/cdn/shop/files/158483-1200-auto_800x1365.png]
[weepink.me/cdn/shop/files/159518-1200-auto_800x1365.png]
[weepink.me/cdn/shop/files/158481-1200-auto_1024xc332.png]
[weepink.me/cdn/shop/files/158482-1200-auto_1024x1365.png]
[weepink.me/cdn/shop/files/158483-1200-auto_1024x1365.png]
[weepink.me/cdn/shop/files/159518-1200-auto_1024x1365.png]
[weepink.me/collections/makes/products/boldeye-lapis-retratil-all-black-0-28g-wepink.html]
[weepink.me/products/weblush-quarteto-de-blush-7-2g-wepink.html]
[weepink.me/products/weblush-quarteto-de-blush-7-2g-wepink.oembed]
[weepink.me/cdn/shop/files/158497-1200-auto_800xeadd.png]
[weepink.me/cdn/shop/files/158498-1200-auto_800xeadd.png]
[weepink.me/cdn/shop/files/159654-1200-auto_800xeadd.png]
[weepink.me/cdn/shop/files/158497-1200-auto_1024xeadd.png]
[weepink.me/cdn/shop/files/158498-1200-auto_1024xeadd.png]
[weepink.me/cdn/shop/files/159654-1200-auto_1024xeadd.png]
[weepink.me/collections/makes/products/weblush-quarteto-de-blush-7-2g-wepink.html]
[weepink.me/products/gloss-my-lips-4ml-wepink.html]
[weepink.me/products/gloss-my-lips-4ml-wepink.oembed]
[weepink.me/cdn/shop/files/158501-1200-auto_800xa1b4.png]
[weepink.me/cdn/shop/files/158502-1200-auto_800xa1b4.png]
[weepink.me/cdn/shop/files/159653-1200-auto_800xa1b4.png]
[weepink.me/cdn/shop/files/158501-1200-auto_1024xa1b4.png]
[weepink.me/cdn/shop/files/158502-1200-auto_1024xa1b4.png]
[weepink.me/cdn/shop/files/159653-1200-auto_1024xa1b4.png]
[weepink.me/collections/makes/products/gloss-my-lips-4ml-wepink.html]
[weepink.me/products/lip-tint-glow-essencial-5-8ml-wepink.html]
[weepink.me/products/lip-tint-glow-essencial-5-8ml-wepink.oembed]
[weepink.me/cdn/shop/files/156006-1200-auto_800x6d3b.jpg]
[weepink.me/cdn/shop/files/156007-1200-auto_800x6d3b.jpg]
[weepink.me/cdn/shop/files/158490-1200-auto_800x1300.png]
[weepink.me/cdn/shop/files/159557-1200-auto_800x6d3b.png]
[weepink.me/cdn/shop/files/156006-1200-auto_1024x6d3b.jpg]
[weepink.me/cdn/shop/files/156007-1200-auto_1024x6d3b.jpg]
[weepink.me/cdn/shop/files/158490-1200-auto_1024x1300.png]
[weepink.me/cdn/shop/files/159557-1200-auto_1024x6d3b.png]
[weepink.me/collections/makes/products/lip-tint-glow-essencial-5-8ml-wepink.html]
[weepink.me/products/we-mask-mascara-de-argila-carvao-ativado-100g-wepink.html]
[weepink.me/products/we-mask-mascara-de-argila-carvao-ativado-100g-wepink.oembed]
[weepink.me/collections/skincare/products/POST]
[weepink.me/cdn/shop/files/159663-1200-auto_800x5ab9.png]
[weepink.me/cdn/shop/files/158474-1200-auto_800x5ab9.png]
[weepink.me/cdn/shop/files/158475-1200-auto_800x5ab9.png]
[weepink.me/cdn/shop/files/159663-1200-auto_1024x5ab9.png]
[weepink.me/cdn/shop/files/158474-1200-auto_1024x5ab9.png]
[weepink.me/cdn/shop/files/158475-1200-auto_1024x5ab9.png]
[weepink.me/collections/skincare/products/GET]
[weepink.me/collections/skincare/products/url]
[weepink.me/collections/skincare/products/window.location.href]
[weepink.me/collections/skincare/products/we-mask-mascara-de-argila-carvao-ativado-100g-wepink.html]
[weepink.me/products/kit-skincare-wepink.html]
[weepink.me/products/kit-skincare-wepink.oembed]
[weepink.me/cdn/shop/files/160702-1200-auto_800x41a9.jpg]
[weepink.me/cdn/shop/files/160703-1200-auto_800x41a9.jpg]
[weepink.me/cdn/shop/files/160704-1200-auto_800x2b68.jpg]
[weepink.me/cdn/shop/files/160702-1200-auto_1024x41a9.jpg]
[weepink.me/cdn/shop/files/160703-1200-auto_1024x41a9.jpg]
[weepink.me/cdn/shop/files/160704-1200-auto_1024x2b68.jpg]
[weepink.me/collections/skincare/products/kit-skincare-wepink.html]
[weepink.me/products/eyescare-creme-contorno-dos-olhos-15ml-wepink.html]
[weepink.me/products/eyescare-creme-contorno-dos-olhos-15ml-wepink.oembed]
[weepink.me/cdn/shop/files/159958-1200-auto_800x5868.png]
[weepink.me/cdn/shop/files/159959-1200-auto_800x5868.png]
[weepink.me/cdn/shop/files/159960-1200-auto_800x5868.png]
[weepink.me/cdn/shop/files/159958-1200-auto_1024x5868.png]
[weepink.me/cdn/shop/files/159959-1200-auto_1024x5868.png]
[weepink.me/cdn/shop/files/159960-1200-auto_1024x5868.png]
[weepink.me/collections/skincare/products/eyescare-creme-contorno-dos-olhos-15ml-wepink.html]
[weepink.me/collections/skincare/products/serum-noturno-25ml-wepink.html]
[weepink.me/collections/skincare/products/cleansing-wipes-lenco-umedecido-demaquilante-25-un-wepink.html]
[weepink.me/products/protetor-solar-fps-50-suncare-30ml-we-pink.html]
[weepink.me/products/protetor-solar-fps-50-suncare-30ml-we-pink.oembed]
[weepink.me/cdn/shop/files/158360-1200-auto_800x2317.png]
[weepink.me/cdn/shop/files/158361-1200-auto_800x2317.png]
[weepink.me/cdn/shop/files/159652-1200-auto_800x2317.png]
[weepink.me/cdn/shop/files/158360-1200-auto_1024x2317.png]
[weepink.me/cdn/shop/files/158361-1200-auto_1024x2317.png]
[weepink.me/cdn/shop/files/159652-1200-auto_1024x2317.png]
[weepink.me/collections/skincare/products/protetor-solar-fps-50-suncare-30ml-we-pink.html]
[weepink.me/products/cleanser-essential-sabonete-facial-120ml-wepink.html]
[weepink.me/products/cleanser-essential-sabonete-facial-120ml-wepink.oembed]
[weepink.me/cdn/shop/files/158848-1200-auto_800xec7e.png]
[weepink.me/cdn/shop/files/158849-1200-auto_800xec7e.png]
[weepink.me/cdn/shop/files/159523-1200-auto_800xec7e.png]
[weepink.me/cdn/shop/files/158848-1200-auto_1024xec7e.png]
[weepink.me/cdn/shop/files/158849-1200-auto_1024xec7e.png]
[weepink.me/cdn/shop/files/159523-1200-auto_1024xec7e.png]
[weepink.me/collections/skincare/products/cleanser-essential-sabonete-facial-120ml-wepink.html]
[weepink.me/products/hydracare-essential-hidratante-facial-60ml-wepink.html]
[weepink.me/products/hydracare-essential-hidratante-facial-60ml-wepink.oembed]
[weepink.me/cdn/shop/files/160074-1200-auto_800x7853.jpg]
[weepink.me/cdn/shop/files/160075-1200-auto_800x7853.jpg]
[weepink.me/cdn/shop/files/160076-1200-auto_800x7853.jpg]
[weepink.me/cdn/shop/files/160074-1200-auto_1024x7853.jpg]
[weepink.me/cdn/shop/files/160075-1200-auto_1024x7853.jpg]
[weepink.me/cdn/shop/files/160076-1200-auto_1024x7853.jpg]
[weepink.me/collections/skincare/products/hydracare-essential-hidratante-facial-60ml-wepink.html]
[weepink.me/products/body-splash-wonderful-desodorante-colonia-200ml-wepink.oembed]
[weepink.me/cdn/shop/files/158720-1200-auto_800xfe00.png]
[weepink.me/cdn/shop/files/158721-1200-auto_800xfe00.png]
[weepink.me/cdn/shop/files/159511-1200-auto_800x7194.jpg]
[weepink.me/cdn/shop/files/158720-1200-auto_1024xfe00.png]
[weepink.me/cdn/shop/files/158721-1200-auto_1024xfe00.png]
[weepink.me/cdn/shop/files/159511-1200-auto_1024x7194.jpg]
[weepink.me/collections/body-splash/products/body-splash-wonderful-desodorante-colonia-200ml-wepink.html]
[weepink.me/products/body-splash-king-blue-desodorante-colonia-200ml-wepink.oembed]
[weepink.me/cdn/shop/files/160358-1200-auto_800x6687.jpg]
[weepink.me/cdn/shop/files/160360-1200-auto_800x6687.jpg]
[weepink.me/cdn/shop/files/160359-1200-auto_800x6687.jpg]
[weepink.me/cdn/shop/files/160358-1200-auto_1024x6687.jpg]
[weepink.me/cdn/shop/files/160360-1200-auto_1024x6687.jpg]
[weepink.me/cdn/shop/files/160359-1200-auto_1024x6687.jpg]
[weepink.me/collections/body-splash/products/body-splash-king-blue-desodorante-colonia-200ml-wepink.html]
[weepink.me/products/body-splash-heaven-bride-desodorante-colonia-200ml-wepink.oembed]
[weepink.me/cdn/shop/files/160950-1200-auto_800x403e.jpg]
[weepink.me/cdn/shop/files/160951-1200-auto_800x403e.jpg]
[weepink.me/cdn/shop/files/160950-1200-auto_1024x403e.jpg]
[weepink.me/cdn/shop/files/160951-1200-auto_1024x403e.jpg]
[weepink.me/collections/body-splash/products/body-splash-heaven-bride-desodorante-colonia-200ml-wepink.html]
[weepink.me/products/body-splash-vf-desodorante-colonia-200ml-wepink.oembed]
[weepink.me/cdn/shop/files/159507-1200-auto_800x5b8d.jpg]
[weepink.me/cdn/shop/files/157983-1200-auto_800x5b8d.png]
[weepink.me/cdn/shop/files/157982-1200-auto_800x5b8d.png]
[weepink.me/cdn/shop/files/159507-1200-auto_1024x5b8d.jpg]
[weepink.me/cdn/shop/files/157983-1200-auto_1024x5b8d.png]
[weepink.me/cdn/shop/files/157982-1200-auto_1024x5b8d.png]
[weepink.me/collections/body-splash/products/body-splash-vf-desodorante-colonia-200ml-wepink.html]
[weepink.me/products/body-splash-king-blue-deep-desodorante-colonia-200ml-wepink.oembed]
[weepink.me/cdn/shop/files/160880-1200-auto_800x5300.png]
[weepink.me/cdn/shop/files/160881-1200-auto_800x5300.png]
[weepink.me/cdn/shop/files/160882-1200-auto_800x5300.png]
[weepink.me/cdn/shop/files/160880-1200-auto_1024x5300.png]
[weepink.me/cdn/shop/files/160881-1200-auto_1024x5300.png]
[weepink.me/cdn/shop/files/160882-1200-auto_1024x5300.png]
[weepink.me/collections/body-splash/products/body-splash-king-blue-deep-desodorante-colonia-200ml-wepink.html]
[weepink.me/collections/body-splash/products/body-splash-perfect-pear-desodorante-colonia-200ml-wepink.html]
[weepink.me/collections/body-splash/products/body-splash-vf-bloom-desodorante-colonia-200ml-wepink.html]
[weepink.me/collections/body-splash/products/body-splash-infinity-desodorante-colonia-200ml-wepink.html]
[weepink.me/collections/body-splash/products/body-splash-infinity-xis-desodorante-colonia-200ml-wepink.html]
[weepink.me/collections/body-splash/products/body-splash-obsessed-desodorante-colonia-200ml-wepink.html]
[weepink.me/products/oleo-essencial-lavanda-5ml-wepink.html]
[weepink.me/products/oleo-essencial-lavanda-5ml-wepink.oembed]
[weepink.me/collections/bem-estar/products/POST]
[weepink.me/cdn/shop/files/159225-1200-auto_800x48d1.png]
[weepink.me/cdn/shop/files/159226-1200-auto_800x48d1.png]
[weepink.me/cdn/shop/files/159650-1200-auto_800x48d1.png]
[weepink.me/cdn/shop/files/159225-1200-auto_1024x48d1.png]
[weepink.me/cdn/shop/files/159226-1200-auto_1024x48d1.png]
[weepink.me/cdn/shop/files/159650-1200-auto_1024x48d1.png]
[weepink.me/collections/bem-estar/products/GET]
[weepink.me/collections/bem-estar/products/url]
[weepink.me/collections/bem-estar/products/window.location.href]
[weepink.me/collections/bem-estar/products/oleo-essencial-lavanda-5ml-wepink.html]
[weepink.me/collections/kits/products/POST]
[weepink.me/collections/kits/products/GET]
[weepink.me/collections/kits/products/url]
[weepink.me/collections/kits/products/window.location.href]
[weepink.me/collections/kits/products/kit-5-body-splash-crave-wonbloom-vf-onyx-obsessed-heaven-wepink.html]
[weepink.me/collections/kits/products/kit-perfume-obsessed-body-splash-obsessed-creme-corporal-obsessed.html]
[weepink.me/collections/kits/products/kit-shampoo-condicionador-proteina-booster-wepink.html]
[weepink.me/collections/kits/products/kit-5-bodysplash-obsessed-exclusif-golden-life-bride-weepink.html]
[weepink.me/collections/kits/products/kit-skincare-wepink.html]
[weepink.me/collections/kits/products/kit-body-splash-obsessed-exclusif-golden-life-bride-wepink.html]
[weepink.me/products/vf-desodorante-colonia-75ml-wepink.html]
[weepink.me/products/vf-desodorante-colonia-75ml-wepink.oembed]
[weepink.me/cdn/shop/files/159395-1200-auto_800xe4fb.png]
[weepink.me/cdn/shop/files/158266-1200-auto_800xe4fb.png]
[weepink.me/cdn/shop/files/158267-1200-auto_800x63d2.png]
[weepink.me/cdn/shop/files/159395-1200-auto_1024xe4fb.png]
[weepink.me/cdn/shop/files/158266-1200-auto_1024xe4fb.png]
[weepink.me/cdn/shop/files/158267-1200-auto_1024x63d2.png]
[weepink.me/collections/perfumaria/products/vf-desodorante-colonia-75ml-wepink.html]
[weepink.me/products/one-touch-warm-desodorante-colonia-100ml-wepink.html]
[weepink.me/products/one-touch-warm-desodorante-colonia-100ml-wepink.oembed]
[weepink.me/cdn/shop/files/160555-1200-auto_800x6b18.jpg]
[weepink.me/cdn/shop/files/160557-1200-auto_800x6b18.jpg]
[weepink.me/cdn/shop/files/160556-1200-auto_800x6b18.jpg]
[weepink.me/cdn/shop/files/160555-1200-auto_1024x6b18.jpg]
[weepink.me/cdn/shop/files/160557-1200-auto_1024x6b18.jpg]
[weepink.me/cdn/shop/files/160556-1200-auto_1024x6b18.jpg]
[weepink.me/collections/perfumaria/products/one-touch-warm-desodorante-colonia-100ml-wepink.html]
[weepink.me/collections/perfumaria/products/celebrate-life-desodorante-colonia-100ml-wepink.html]
[weepink.me/collections/perfumaria/products/vf-bloom-desodorante-colonia-75ml-wepink.html]
[weepink.me/collections/perfumaria/products/liberte-desodorante-colonia-100ml-wepink.html]
[weepink.me/collections/perfumaria/products/vf-golden-desodorante-colonia-75ml-wepink.html]
[weepink.me/collections/perfumaria/products/liberte-exclusif-desodorante-colonia-100ml-wepink.html]
[weepink.me/collections/perfumaria/products/obsessed-desodorante-colonia-100ml-wepink.html]
[weepink.me/collections/perfumaria/products/vf-onyx-desodorante-colonia-75ml-wepink.html]
[weepink.me/collections/hair/products/POST]
[weepink.me/collections/hair/products/GET]
[weepink.me/collections/hair/products/url]
[weepink.me/collections/hair/products/window.location.href]
[weepink.me/collections/hair/products/hair-tonic-tonico-capilar-120ml-wepink.html]
[weepink.me/collections/hair/products/hair-mist-red-desodorante-capilar-50ml-wepink.html]
[weepink.me/products/hair-mist-heaven-desodorante-capilar-50ml-wepink.html]
[weepink.me/products/hair-mist-heaven-desodorante-capilar-50ml-wepink.oembed]
[weepink.me/cdn/shop/files/160796-1200-auto_800x7778.jpg]
[weepink.me/cdn/shop/files/160798-1200-auto_800x7778.jpg]
[weepink.me/cdn/shop/files/160797-1200-auto_800x7778.jpg]
[weepink.me/cdn/shop/files/160796-1200-auto_1024x7778.jpg]
[weepink.me/cdn/shop/files/160798-1200-auto_1024x7778.jpg]
[weepink.me/cdn/shop/files/160797-1200-auto_1024x7778.jpg]
[weepink.me/collections/hair/products/hair-mist-heaven-desodorante-capilar-50ml-wepink.html]
[weepink.me/collections/hair/products/hair-mist-obsessed-desodorante-capilar-50ml-wepink.html]
[weepink.me/products/hair-mist-liberte-desodorante-capilar-50ml-wepink.html]
[weepink.me/products/hair-mist-liberte-desodorante-capilar-50ml-wepink.oembed]
[weepink.me/cdn/shop/files/160791-1200-auto_800x65cd.jpg]
[weepink.me/cdn/shop/files/160792-1200-auto_800xbced.jpg]
[weepink.me/cdn/shop/files/160793-1200-auto_800xbced.jpg]
[weepink.me/cdn/shop/files/160791-1200-auto_1024x65cd.jpg]
[weepink.me/cdn/shop/files/160792-1200-auto_1024xbced.jpg]
[weepink.me/cdn/shop/files/160793-1200-auto_1024xbced.jpg]
[weepink.me/collections/hair/products/hair-mist-liberte-desodorante-capilar-50ml-wepink.html]
[weepink.me/products/proteina-condicionante-my-hair-ultra-repair-230ml-wepink.html]
[weepink.me/products/proteina-condicionante-my-hair-ultra-repair-230ml-wepink.oembed]
[weepink.me/cdn/shop/files/160776-1200-auto_800x485d.jpg]
[weepink.me/cdn/shop/files/160775-1200-auto_800x485d.jpg]
[weepink.me/cdn/shop/files/160774-1200-auto_800x485d.jpg]
[weepink.me/cdn/shop/files/160776-1200-auto_1024x485d.jpg]
[weepink.me/cdn/shop/files/160775-1200-auto_1024x485d.jpg]
[weepink.me/cdn/shop/files/160774-1200-auto_1024x485d.jpg]
[weepink.me/collections/hair/products/proteina-condicionante-my-hair-ultra-repair-230ml-wepink.html]
[weepink.me/collections/hair/products/leave-in-capilar-multifuncional-120ml-wepink.html]
[weepink.me/collections/hair/products/booster-repair-oleo-capilar-30ml-wepink.html]
[weepink.me/products/body-cream-fatal-rouge-desodorante-hidratante-200ml-wepink.oembed]
[weepink.me/collections/body-cream/products/POST]
[weepink.me/cdn/shop/files/159975-1200-auto_800x051e.jpg]
[weepink.me/cdn/shop/files/159977-1200-auto_800x051e.jpg]
[weepink.me/cdn/shop/files/159976-1200-auto_800x051e.jpg]
[weepink.me/cdn/shop/files/159975-1200-auto_1024x051e.jpg]
[weepink.me/cdn/shop/files/159977-1200-auto_1024x051e.jpg]
[weepink.me/cdn/shop/files/159976-1200-auto_1024x051e.jpg]
[weepink.me/collections/body-cream/products/GET]
[weepink.me/collections/body-cream/products/url]
[weepink.me/collections/body-cream/products/window.location.href]
[weepink.me/collections/body-cream/products/body-cream-fatal-rouge-desodorante-hidratante-200ml-wepink.html]
[weepink.me/products/body-cream-one-touch-warm-desodorante-hidratante-200ml-wepink.oembed]
[weepink.me/cdn/shop/files/159760-1200-auto_800x7b07.png]
[weepink.me/cdn/shop/files/159761-1200-auto_800x6148.png]
[weepink.me/cdn/shop/files/159762-1200-auto_800x7b07.png]
[weepink.me/cdn/shop/files/159760-1200-auto_1024x7b07.png]
[weepink.me/cdn/shop/files/159761-1200-auto_1024x6148.png]
[weepink.me/cdn/shop/files/159762-1200-auto_1024x7b07.png]
[weepink.me/collections/body-cream/products/body-cream-one-touch-warm-desodorante-hidratante-200ml-wepink.html]
[weepink.me/products/body-cream-obsessed-gold-desodorante-hidratante-200ml-wepink.oembed]
[weepink.me/cdn/shop/files/160027-1200-auto_800xcee5.jpg]
[weepink.me/cdn/shop/files/160029-1200-auto_800xcee5.jpg]
[weepink.me/cdn/shop/files/160028-1200-auto_800xcee5.jpg]
[weepink.me/cdn/shop/files/160027-1200-auto_1024xcee5.jpg]
[weepink.me/cdn/shop/files/160029-1200-auto_1024xcee5.jpg]
[weepink.me/cdn/shop/files/160028-1200-auto_1024xcee5.jpg]
[weepink.me/collections/body-cream/products/body-cream-obsessed-gold-desodorante-hidratante-200ml-wepink.html]
[weepink.me/products/body-cream-perfect-pear-desodorante-hidratante-200ml-wepink.oembed]
[weepink.me/cdn/shop/files/159965-1200-auto_800x47b8.jpg]
[weepink.me/cdn/shop/files/159966-1200-auto_800x47b8.jpg]
[weepink.me/cdn/shop/files/159967-1200-auto_800x47b8.jpg]
[weepink.me/cdn/shop/files/159965-1200-auto_1024x47b8.jpg]
[weepink.me/cdn/shop/files/159966-1200-auto_1024x47b8.jpg]
[weepink.me/cdn/shop/files/159967-1200-auto_1024x47b8.jpg]
[weepink.me/collections/body-cream/products/body-cream-perfect-pear-desodorante-hidratante-200ml-wepink.html]
[weepink.me/products/body-cream-vf-choices-desodorante-hidratante-200ml-wepink.oembed]
[weepink.me/cdn/shop/files/160017-1200-auto_800x48fa.jpg]
[weepink.me/cdn/shop/files/160018-1200-auto_800x9e7b.jpg]
[weepink.me/cdn/shop/files/160019-1200-auto_800x9e7b.jpg]
[weepink.me/cdn/shop/files/160017-1200-auto_1024x48fa.jpg]
[weepink.me/cdn/shop/files/160018-1200-auto_1024x9e7b.jpg]
[weepink.me/cdn/shop/files/160019-1200-auto_1024x9e7b.jpg]
[weepink.me/collections/body-cream/products/body-cream-vf-choices-desodorante-hidratante-200ml-wepink.html]
[weepink.me/products/body-cream-vf-desodorante-hidratante-200ml-wepink.oembed]
[weepink.me/cdn/shop/files/157896-1200-auto_800xb8b0.png]
[weepink.me/cdn/shop/files/157897-1200-auto_800xb8b0.png]
[weepink.me/cdn/shop/files/159535-1200-auto_800x46d2.png]
[weepink.me/cdn/shop/files/157896-1200-auto_1024xb8b0.png]
[weepink.me/cdn/shop/files/157897-1200-auto_1024xb8b0.png]
[weepink.me/cdn/shop/files/159535-1200-auto_1024x46d2.png]
[weepink.me/collections/body-cream/products/body-cream-vf-desodorante-hidratante-200ml-wepink.html]
[weepink.me/products/body-cream-liberte-desodorante-hidratante-200ml-wepink.oembed]
[weepink.me/cdn/shop/files/157853-1200-auto_800x9d9f.png]
[weepink.me/cdn/shop/files/159532-1200-auto_800x9d9f.png]
[weepink.me/cdn/shop/files/157853-1200-auto_1024x9d9f.png]
[weepink.me/cdn/shop/files/157854-1200-auto_1024x9d9f.png]
[weepink.me/cdn/shop/files/159532-1200-auto_1024x9d9f.png]
[weepink.me/collections/body-cream/products/body-cream-liberte-desodorante-hidratante-200ml-wepink.html]
[weepink.me/products/body-cream-obsessed-desodorante-hidratante-200ml-wepink.oembed]
[weepink.me/cdn/shop/files/160047-1200-auto_800xec5f.jpg]
[weepink.me/cdn/shop/files/160048-1200-auto_800xec5f.jpg]
[weepink.me/cdn/shop/files/160049-1200-auto_800xec5f.jpg]
[weepink.me/cdn/shop/files/160047-1200-auto_1024xec5f.jpg]
[weepink.me/cdn/shop/files/160048-1200-auto_1024xec5f.jpg]
[weepink.me/cdn/shop/files/160049-1200-auto_1024xec5f.jpg]
[weepink.me/collections/body-cream/products/body-cream-obsessed-desodorante-hidratante-200ml-wepink.html]
[weepink.me/products/body-cream-vf-golden-desodorante-hidratante-200ml-wepink.oembed]
[weepink.me/cdn/shop/files/159980-1200-auto_800x3e4f.jpg]
[weepink.me/cdn/shop/files/159981-1200-auto_800x3e4f.jpg]
[weepink.me/cdn/shop/files/159982-1200-auto_800x3e4f.jpg]
[weepink.me/cdn/shop/files/159980-1200-auto_1024x3e4f.jpg]
[weepink.me/cdn/shop/files/159981-1200-auto_1024x3e4f.jpg]
[weepink.me/cdn/shop/files/159982-1200-auto_1024x3e4f.jpg]
[weepink.me/collections/body-cream/products/body-cream-vf-golden-desodorante-hidratante-200ml-wepink.html]
[weepink.me/pages/rastreio-2026.html]
[weepink.me/pages/POST.html]
[weepink.me/pages/GET.html]
[weepink.me/pages/url.html]
[weepink.me/pages/window.location.href]
[weepink.me/products/kit-perfume-obsessed-body-splash-obsessed-creme-corporal-obsessed.html]
[weepink.me/collections/perfumaria/products/POST.html]
[weepink.me/collections/perfumaria/products/GET.html]
[weepink.me/collections/perfumaria/products/url.html]
[weepink.me/collections/perfumaria/products/window.location.href]
[weepink.me/products/celebrate-relics-desodorante-colonia-100ml-wepink.html]
[weepink.me/products/infinity-desodorante-colonia-75ml-wepink.html]
[weepink.me/products/one-touch-desodorante-colonia-100ml-wepink.html]
[weepink.me/products/king-blue-desodorante-colonia-100ml-wepink.html]
[weepink.me/products/POST.html]
[weepink.me/products/GET.html]
[weepink.me/products/url.html]
[weepink.me/products/window.location.href]
[weepink.me/collections/body-splash/products/POST.html]
[weepink.me/collections/body-splash/products/GET.html]
[weepink.me/collections/body-splash/products/url.html]
[weepink.me/collections/body-splash/products/window.location.href]
[weepink.me/products/kit-5-bodysplash-obsessed-exclusif-golden-life-bride-weepink.html]
[weepink.me/products/body-splash-vf-golden-desodorante-colonia-200ml-wepink.html]
[weepink.me/products/body-splash-liberte-exclusif-desodorante-colonia-200ml-wepink.html]
[weepink.me/products/body-splash-vf-choices-desodorante-colonia-200ml-wepink.html]
[weepink.me/cdn/shopifycloud/storefront/assets/storefront/policy-dba6c8e0.css]
[weepink.me/policies/POST.html]
[weepink.me/policies/GET.html]
[weepink.me/policies/url.html]
[weepink.me/policies/window.location.href]
[weepink.me/cart/POST.html]
[weepink.me/cart/GET.html]
[weepink.me/cart/url.html]
[weepink.me/cart/window.location.html]
[weepink.me/collections/all2679.html]
[weepink.me/collections/allcbed.html]
[weepink.me/collections/all4658.html]
[weepink.me/collections/all72fd.html]
[weepink.me/products/body-cream-celebrate-life-desodorante-hidratante-200ml-wepink.oembed]
[weepink.me/cdn/shop/files/160052-1200-auto_800xe65d.jpg]
[weepink.me/cdn/shop/files/160053-1200-auto_800xb022.jpg]
[weepink.me/cdn/shop/files/160054-1200-auto_800xb022.jpg]
[weepink.me/cdn/shop/files/160052-1200-auto_1024xe65d.jpg]
[weepink.me/cdn/shop/files/160053-1200-auto_1024xb022.jpg]
[weepink.me/cdn/shop/files/160054-1200-auto_1024xb022.jpg]
[weepink.me/products/body-cream-celebrate-life-desodorante-hidratante-200ml-wepink.html]
[weepink.me/products/body-cream-fatal-rouge-desodorante-hidratante-200ml-wepink.html]
[weepink.me/products/body-cream-liberte-desodorante-hidratante-200ml-wepink.html]
[weepink.me/products/body-cream-obsessed-desodorante-hidratante-200ml-wepink.html]
[weepink.me/products/body-cream-obsessed-gold-desodorante-hidratante-200ml-wepink.html]
[weepink.me/products/body-cream-one-touch-warm-desodorante-hidratante-200ml-wepink.html]
[weepink.me/products/body-cream-perfect-pear-desodorante-hidratante-200ml-wepink.html]
[weepink.me/products/body-cream-vf-choices-desodorante-hidratante-200ml-wepink.html]
[weepink.me/products/body-cream-vf-desodorante-hidratante-200ml-wepink.html]
[weepink.me/products/body-cream-vf-golden-desodorante-hidratante-200ml-wepink.html]
[weepink.me/products/body-splash-heaven-bride-desodorante-colonia-200ml-wepink.html]
[weepink.me/products/body-splash-infinity-desodorante-colonia-200ml-wepink.html]
[weepink.me/products/body-splash-infinity-xis-desodorante-colonia-200ml-wepink.html]
[weepink.me/products/body-splash-king-blue-deep-desodorante-colonia-200ml-wepink.html]
[weepink.me/products/body-splash-king-blue-desodorante-colonia-200ml-wepink.html]
[weepink.me/products/body-splash-obsessed-desodorante-colonia-200ml-wepink.html]
[weepink.me/products/body-splash-perfect-pear-desodorante-colonia-200ml-wepink.html]
[weepink.me/products/body-splash-vf-bloom-desodorante-colonia-200ml-wepink.html]
[weepink.me/products/body-splash-vf-desodorante-colonia-200ml-wepink.html]
[weepink.me/products/body-splash-wonderful-desodorante-colonia-200ml-wepink.html]
[weepink.me/products/boldeye-lapis-retratil-all-black-0-28g-wepink.html]
[weepink.me/collections/all8617.html]
[weepink.me/collections/all9ba9.html]
[weepink.me/collections/frontpage/products/POST.html]
[weepink.me/collections/frontpage/products/GET.html]
[weepink.me/collections/frontpage/products/url.html]
[weepink.me/collections/frontpage/products/window.location.href]
[weepink.me/products/kit-shampoo-condicionador-proteina-booster-wepink.html]
[weepink.me/products/vf-onyx-desodorante-colonia-75ml-wepink.html]
[weepink.me/products/vf-golden-desodorante-colonia-75ml-wepink.html]
[weepink.me/products/vf-bloom-desodorante-colonia-75ml-wepink.html]
[weepink.me/products/serum-noturno-25ml-wepink.html]
[weepink.me/products/obsessed-desodorante-colonia-100ml-wepink.html]
[weepink.me/products/liberte-exclusif-desodorante-colonia-100ml-wepink.html]
[weepink.me/products/liberte-desodorante-colonia-100ml-wepink.html]
[weepink.me/products/leave-in-capilar-multifuncional-120ml-wepink.html]
[weepink.me/products/kit-body-splash-obsessed-exclusif-golden-life-bride-wepink.html]
[weepink.me/products/hair-tonic-tonico-capilar-120ml-wepink.html]
[weepink.me/products/hair-mist-red-desodorante-capilar-50ml-wepink.html]
[weepink.me/products/hair-mist-obsessed-desodorante-capilar-50ml-wepink.html]
[weepink.me/products/cleansing-wipes-lenco-umedecido-demaquilante-25-un-wepink.html]
[weepink.me/products/celebrate-life-desodorante-colonia-100ml-wepink.html]
[weepink.me/products/booster-repair-oleo-capilar-30ml-wepink.html]
[weepink.me/collections/alle044.html]
[weepink.me/products/welips-batom-liquido-matte-5ml-wepink.html]
[weepink.me/collections/makes/products/POST.html]
[weepink.me/collections/makes/products/GET.html]
[weepink.me/collections/makes/products/url.html]
[weepink.me/collections/makes/products/window.location.href]
[weepink.me/products/cleansing-oil-demaquilante-120ml-wepink.html]
[weepink.me/products/weblush-quarteto-de-blush-7-2g-wepink.html]
[weepink.me/products/gloss-my-lips-4ml-wepink.html]
[weepink.me/products/lip-tint-glow-essencial-5-8ml-wepink.html]
[weepink.me/products/we-mask-mascara-de-argila-carvao-ativado-100g-wepink.html]
[weepink.me/collections/skincare/products/POST.html]
[weepink.me/collections/skincare/products/GET.html]
[weepink.me/collections/skincare/products/url.html]
[weepink.me/collections/skincare/products/window.location.href]
[weepink.me/products/kit-skincare-wepink.html]
[weepink.me/products/eyescare-creme-contorno-dos-olhos-15ml-wepink.html]
[weepink.me/products/protetor-solar-fps-50-suncare-30ml-we-pink.html]
[weepink.me/products/cleanser-essential-sabonete-facial-120ml-wepink.html]
[weepink.me/products/hydracare-essential-hidratante-facial-60ml-wepink.html]
[weepink.me/products/oleo-essencial-lavanda-5ml-wepink.html]
[weepink.me/collections/bem-estar/products/POST.html]
[weepink.me/collections/bem-estar/products/GET.html]
[weepink.me/collections/bem-estar/products/url.html]
[weepink.me/collections/bem-estar/products/window.location.href]
[weepink.me/collections/kits/products/POST.html]
[weepink.me/collections/kits/products/GET.html]
[weepink.me/collections/kits/products/url.html]
[weepink.me/collections/kits/products/window.location.href]
[weepink.me/products/vf-desodorante-colonia-75ml-wepink.html]
[weepink.me/products/one-touch-warm-desodorante-colonia-100ml-wepink.html]
[weepink.me/collections/hair/products/POST.html]
[weepink.me/collections/hair/products/GET.html]
[weepink.me/collections/hair/products/url.html]
[weepink.me/collections/hair/products/window.location.href]
[weepink.me/products/hair-mist-heaven-desodorante-capilar-50ml-wepink.html]
[weepink.me/products/hair-mist-liberte-desodorante-capilar-50ml-wepink.html]
[weepink.me/products/proteina-condicionante-my-hair-ultra-repair-230ml-wepink.html]
[weepink.me/collections/body-cream/products/POST.html]
[weepink.me/collections/body-cream/products/GET.html]
[weepink.me/collections/body-cream/products/url.html]
[weepink.me/collections/body-cream/products/window.location.href]
[weepink.me/cdn/shop/files/157854-1200-auto_800x9d9f.png]
[weepink.me/collections/all2679.html]
[weepink.me/collections/allcbed.html]
[weepink.me/collections/all72fd.html]
[weepink.me/collections/alle044.html]
